// Jest Snapshot v1, https://goo.gl/fbAQLP

exports[`Pruebas en <GifExpertApp /> debe de mostrar el componente correctamente 1`] = `
<Fragment>
  <h2>
    GifExpertApp
  </h2>
  <hr />
  <AddCategory
    setCategories={[Function]}
  />
  <ul>
    <GifGrid
      category="One punch"
      key="One punch"
    />
  </ul>
</Fragment>
`;
