// Jest Snapshot v1, https://goo.gl/fbAQLP

exports[`Pruebas en el componente <GifGridItem /> debe de mostrar correctamente el componente 1`] = `
<div
  className="card animate__animated animate__fadeInUp"
>
  <img
    alt="Título"
    src="https://i1.wp.com/aprendergratis.es/wp-content/uploads/2018/11/udemy-cursos-gratis.png?resize=1200%2C630&ssl=1"
  />
  <p>
     
    Título
     
  </p>
</div>
`;
